@BADPOLA00778:310:H2YCFDRX2:2:2101:6325:1047 1:N:0:TACCGCTA+NCCTTACG
TGCGGGTGAAGAACTTCGGGATCTGGCTGCGCTATGACTCCCGGAGCGGCACCCACAACATGTACCGGGAATACCGGGACCTGACCACCGCAGGCGCTGTCACCCAGTGCTACCGAGACATGGGTGCCC
+
FFFFFFFFFFFFFF:FFFFFFFFFFFFFFFFFFFFFFFFFFFFFFFF:FFFFFFFFFFFFFFFFFFFFFFFFFFFFFFFFFFFFFFFFFFFFFFFFFF:FFFFFFFFFFFFFFFFFFFFFFFFFFFFFF
@BADDIFFA00778:310:H2YCFDRX2:2:2101:6741:1047 1:N:0:TACCGCTA+NCCTTACG
TGGGAGGCCCCCGGCGCCCCCCCGGTGTCCCCGCGAGGGGCCCGGGGCGGGGTCCGCCCGCCCCCCGGGCCGCCCGGGGAATAACACAAAACAGATAGTT
+
FFFFFFFFFFFFFFFFFFFFFFFFFFFFFFFFFFFFFFFFFFFFFFFFFFFFF,F:F:,:,:F:,:,:F,,,:F:,,:,,:,,,,,,,F,,:,,,,,,,F
@BADPOLA00778:310:H2YCFDRX2:2:2101:13051:1047 1:N:0:TACCGCTA+NCCTTACG
TCCAGTTCCCTTCGCAAACTATATTTCTTGGACCGCGAAAGGAAGCTTTACCTATTTCATAGAAGACCTGGAATCCATAACCTCAGAAGGCAATATTATTGATAGAAAATGTGGAAGGATCAGGAAGTT
+
FFFFFFFFFFFFFFFFFFFFFFFFFFFFFFFF,FFFFFFFFFFFFFFFFFFFFFFFFFFFFF:FFFFFFFFFFFFFFFFFFFFFFFFFFFFF,FFFFFFFFFFF:FFFFFFFFFFFFFFFFFFFF:FFF
@BADPOLA00778:310:H2YCFDRX2:2:2101:18349:1047 1:N:0:TACCGCTA+NCCTTACG
AAAAAAAAAAAAAAAAAAAAAAAAAAAAAAAAAAAAAAAAAAAAAAAAAAAAAAAAAAAAAAAAAAAAAAAAAAAAAAAAAAAAAAAAAAAAAAAAAAAAAAAAAAAAAAAAAAAAAAAAAAAAAAAAA
+
FFFF:FFFFFFFFFFFFFFFFFFFFFFFFFFFFFFFFFFFFFFFFFFFFFFFFFFFFFFFFFFFFFFFFFFFFFFFFFFFFFFFFFFFF:,FFFFFF:FFFFFFFFFFF,FFF,:F:F,FFFFF,FFFF
@BADPOLA00778:310:H2YCFDRX2:2:2101:21314:1047 1:N:0:TACCGCTA+NCCTTACG
CTAAGCCTCGGGCTAATTTCCCCATAGCCGTGGGGTGACTTCCCTGGTCACCAAGGCAGTGCATGCATGTTGGGGTTTCCTTTACCTTTTCTATAAGTTGTACCAAAACATCCACTTAAGTTCTTTGAT
+
FFFFFFFFFFFFFFFFFFFFFFFFFFFFFFFFFFFFFFFFFFFFFFFFFFFFF:FFF,F:FFFFFFFFF:FFFFFFFFFFFFFFFFFFFFFFFFFFFFFFFFFFFFFFFFFFFFFFFFFFFF:FFFFFF
@BADPOLA00778:310:H2YCFDRX2:2:2101:23285:1047 1:N:0:TACCGCTA+NCCTTACG
TTTTTTTTTTTATTTTTTTTTATTTTTTTTTTTTTTTTTTTTTTTTTATTTTTTTTTTTTATTTTTTTTTTTTTTTTTGTTTTTTTTATATTTAGTTATTTTTTTATTATTTGTTTTTGTTATTTGGGA
+
F:FFFFFFFFF,F,FFFFF,,,F,F,,F:,,FF,F:FFF,FFFFF,,,:F::FFF,FF:F,,:FF,F,:,FFF,FF,F,:F:::FF:,:,:F,,,FF,::F,F,:,F,,,FF,,F,F,,FF,F::,,,,
@BADPOLA00778:310:H2YCFDRX2:2:2101:24731:1047 1:N:0:TACCGCTA+ACCTTACG
CTCAATAAAGAGAATCTGCTCTCTTAAAAAAAAAAAAAAAAAAAAAAAAAAAAAAAAAAAAAAAAAAAAAAAAAAAAAAAAAAAAAAAAAAAAAAAAAAAAAAAAAAAAAAAAAAAAAAAAAAAAAAAA
+
FFFFFFFFFFFFFFFFFFFFFFFFFFFFFFFFFFFFFFFFFFFFFFFFFFFFFFFFFFFFFFFFFFFFFFFFFFFFFFFFFFFFFFFFFFFFFFFFFFFFFFFFFFFFFFFFFFFFFFFFFFFFFFFFF
@BADDIFFA00778:310:H2YCFDRX2:2:2101:2609:1063 1:N:0:TACCGCTA+ACCTTACG
CTGTAGTCCCAGCTACTCGGGAGGCTGAGGGGGGAGGATCGCTTGAGCCCAGGAGTTCTGGGCTGTAGTGCGCTATGCCGATCGGGTGTCCGCACTAAGTTCGGCATCCAAATGGTGACCTCCCGGGAG
+
:,FFFFFF:,FF,FF:F:F,FFF,,FF,F:,:,FF:FF,FF,,::::FFF,::F,FFFFFFFFF,FFFFFFF:FFFFFF,:,F:::F,FF,,FF:,:::,:F:FF:,:,F,F,,F,,F:FFFFFFFF::
@BADDIFFA00778:310:H2YCFDRX2:2:2101:5954:1063 1:N:0:TACCGCTA+ACCTTACG
ACGCCTCCTCCCGCTGCTGGCCCGGCCGGCGGCCCTGACTGCGCTGCTGCTGCTGCTGCTGGGCCATGGCGGCGGCGGGCGCGGGGGGGCCCCGGGCCCCGGGGCGGCCG
+
FFFFFFFFFFFFFFFFFFFFFFFFFFFFFFFFFFFFFFFFFFFFFFFFFFFFFFFFFFFFFFFFFFFFFFFFFFF,F:F,:,,:FFF,:,,F,,,,::,,,,,,,,,,,F
@BADPOLA00778:310:H2YCFDRX2:2:2101:6334:1063 1:N:0:TACCGCTA+ACCTCACG
TGAATGAATAATTGGTTTAATGCCTAGTTATGCAACTTGAGTGCTTTTTTTTTTTGCAGAATAATTTTAAGTGTATATATTTTAACTGCACTGGTACATTGAACATGTCAGTGTCGATGCCACTGGACC
+
FFFFFFFFFFFFFFFFFFFFFFFFFFFFFFFFFFFFFFFFFFFFFFFFFFFFFFFFFFFFFFFFFFFFFFFFFFFFFFFFFFFFFFFFFFFFFFFFFFFFFFFFFFFFFFFFFFFFFFFFFFFFFFFFF
@BADPOLA00778:310:H2YCFDRX2:2:2101:7473:1063 1:N:0:TACCGCTA+ACCTTACG
TTTTTTTTTTTTTTTTTTTTTTTTTTTTTTTTTTTTTTTTTTTTTTTTTTTTTTTTTTTTTTTTTGTTGTGTTTTTTTGTGGGTTGGTGTTTTTGTGGTTGTGGGGTGGGGGGGGGGGGGGGTGTTGTG
+
FFF:FFFF:FFFFFFFF:FFFFFF:FFFFFFFFFFF,F:F:F:,F,F:FF,:,:,:,:,,,:,,F,,,,FF,,,,:,,F,,,,:F:,,,,,:,,,,F,,,:,:,F,,F,F,F,::,,,F,:,::,,:,,
