@BADPOLA00778:310:H2YCFDRX2:2:2101:6325:1047 2:N:0:TACCGCTA+NCCTTACG
TTTTTTTTTTTTTTTTTTTTATTTTTTTTTTTTTTTTATTTTTAGTTTTTTTTTTTTTTTTTTTTTTTTTTTTTTTTTTTTTTTTTTTTTATGTGGGTTTTTTTGTTTTTTTTTTGTTGTTGGAGTAGT
+
F,F::,FFFFFFFFF:F:F,,F,F,FFFFFF,FFFFF,FFFFF,,,FF:F,FF,FFFF:F:F,FFFFFFFFF,F,FF:F,F:FFFF:,,,,F,:,,,,,,,,,,,,,,,,,,:,:,,F,F:,,,:F,,F
@BADDIFFA00778:310:H2YCFDRX2:2:2101:6741:1047 2:N:0:TACCGCTA+NCCTTACG
AACGATCAGAGTAGTGGTATTTCACCGGCGGCCCGCAGGGCCGGCGGACCCCGCCCCGGGCCCCTCGCGGGGACACCGGGGGGGCGCCGGGGGCCTCCCA
+
FFFFFFFFFFFF:FFFFFFFFFFFFFFFFFFFFFFF:FFFFFFFFFFFFFFFFFFFFFFFFFFFFFFFFFFFFF:FFFFFFFFFFFFFFFFFFFFFFFFF
@BADPOLA00778:310:H2YCFDRX2:2:2101:13051:1047 2:N:0:TACCGCTA+NCCTTACG
TTTTTTTTTTTTTTTTTTTTTTTTTTTTTTTTTTTTTTTTTTTTGTTTTATTTTTTTTTTTTTTTAAAAAAATAAACAAAAAAAACCGTAAAAACATAAACAAAAAACACCAAAAAAGTTTGATTGGGT
+
FFFFFFFFFFFFFFFFF:FFFFFFFF:FFFFF,:FF,F:,:,,F,FF,,,FFFFFFFFF:,::FF,F:F:,:,,F,:F,,FF:,F,,,,,:,,,,,,,F::F,,FFF,,,F,::,,:,,:,,,F,,,,F
@BADPOLA00778:310:H2YCFDRX2:2:2101:18349:1047 2:N:0:TACCGCTA+NCCTTACG
TTTTTTTTTTTTTTTTTTTTTTTTTTTTTTTTTTTTTTTTTTTTTTTTTTTTTTTTTTTATTTTTTTTTTTTTTTTTTTTTTTTTTTTTTGTTTTTTATTTTTTTTTATTTTTTTTGAGTTGTGAATGG
+
,,F::FF,FFFFF:FFFFFFF,FFFF:F,FFFFF,FFF:FF:,FF:,FF,F:,,:F:FF,F,FFF,,,FFF:F,,:F,:,:FF:,,,:,,,,:F,,F,,,F,,F,,F,:,,F,,,,,,,,,,F,,,,,,
@BADPOLA00778:310:H2YCFDRX2:2:2101:21314:1047 2:N:0:TACCGCTA+NCCTTACG
TTTTTTTTTTTTTTTTTTTTTTTTTTTTTTTTTTTTTTTTTTTTTATTTTTTTTTTTTTTTTTTGTTTTTTTTTTTTTTTTTTTTTTTTTTTTTTTTTGTTTTAGTTTATTTTTATTTTTGTGTTTTAA
+
:FFF,:FFFF,FFFFFFFFFFFFFFFFFF:F,:FFFF:FFFFFFF,FF:FFFF::FFFFF:F,F,F:F:FFFF,FFF,FFFFFFFFF,FF:,::FF::,FF,,,,,FF,,,,F,,:,:FF,:,,,,,,,
@BADPOLA00778:310:H2YCFDRX2:2:2101:23285:1047 2:N:0:TACCGCTA+NCCTTACG
AAAAAAAAAAAAAAAAAAAAAAAAAAAAAAAAAAAAAAAAAAAAAAAAAAAAAAAAAAAAAAAAAAAAAAAAAAAAAAAAAAAAAAAAAAAAAAAAAAAAAAAAAAAAAAAAAAAAAAAAAAAAAAAAA
+
FFFFFFFF:FFFFFF:FFF:FFFFFFF:F:FFF:F,FFF,FFFFFFFFF:FFF,FFFFFFFFF:FFFFFFFFFFFF:F,FFFFFFF,,FFFFFFF:FFFFF:FFFFF::,F,F::FF,F:FFFFFFF:F
@BADPOLA00778:310:H2YCFDRX2:2:2101:24731:1047 2:N:0:TACCGCTA+ACCTTACG
TTTTTTTTTTTTTTTTTTTTTTTTTTTTTTTTTTTTTTTTTTTTTTTTTTTTTTTTTTTGTTTTTTGTTTTTTTTTTGTGTTTGTTTGGGTGTTTGTGGTTTGGGGGTTGGGTGGGTGGGGGGGGTGGT
+
FFFFFFF:FFFFFFFFF:::F::F,FFFFFFFFFF:FF:FFFF:F::F,,,FF::FF:F,,F,F,:,F,,::F,:FF,,,F,:,F,,,,,:F,:,F,::,,,,,:,,,:,,:::,FF,::,,,,,,,F,
@BADDIFFA00778:310:H2YCFDRX2:2:2101:2609:1063 2:N:0:TACCGCTA+ACCTTACG
TAGGCAACCTGGTGGTCCCCCGCTCCCGGGAGGTCACCATATTGATGCCGAACTTAGTGCGGACACCCGATCGGCATAGCGCACTACAGCCCAGAACTCCTGGGCTCAAGCGATCCTCCCACCACAGCC
+
FFFFFFFFFFF,FFFFFF:FF:FFFF:FF::F:FFFFFFFF:FFFFFFF:FFFFFFF:FFF:FFFFFFFF:F:FFF,FFFFFFFFFFFFF:FFFFFF,FFFFFFFFFFFFFFFFFFFFFFFFF:FF,FF
@BADDIFFA00778:310:H2YCFDRX2:2:2101:5954:1063 2:N:0:TACCGCTA+ACCTTACG
CCGCCGCCTCCTGGGCCCGGGCGCCCCAGCGCCCGCCGCCGCCATGGCCCAGCAGCAGCAGCAGCAGCGCAGTCAGGGCCGCCGGCCGGGCCAGCAGCGGGAGGAGGCGT
+
FFFFFFFFFFFFFFFFFFFFFFFFFFFFFFFFFFFFFFFFFFFFFFFFFFFFFFFFFFFFFFFFFFFFFFFFFFFFFFFFFFFFFFFFFFFFFFFFFFFFFFFFFFFFFF
@BADPOLA00778:310:H2YCFDRX2:2:2101:6334:1063 2:N:0:TACCGCTA+ACCTCACG
TTTTTTTTTTTTTTTTTTTTTTTTTTTTTTTTTTTTTTTTTTTTTTTTTTTATATTTTTTTTAATAATAAAAAATTAAAATTATATTTATTTATAAAACAATAGAGCAACCAAAAATTGTTGGGGAAAA
+
FFFFFFFFFFFFFFFFFFFFFFFFFFFFFFFFFFFFF,,,F,:FFFFF,F,:,,,,,F,F,,:,,:F,,F,::,,F,,:,F::,:,,,,F,,,,,,,:,,,,,,,,,,,,,F,F,,,,,,,,::,::F,
@BADPOLA00778:310:H2YCFDRX2:2:2101:7473:1063 2:N:0:TACCGCTA+ACCTTACG
AAAAAAAAAAAAAAAAAAAAAAAAAAAAAAAAAAAAAAAAAAAAAAAAAAAAAAAAAAAAAAAAAAAAAAAAAAAAAAAAAAAAAAAAAAAAAAAAAAAAAAAAAAAAAAAAAAAAAAAAAAAAAAAAA
+
FFFFFFFFFFFFFFFFFFFFFF:FFF,FFFFFFFFFFFF:FFFFFFFFFFFFFFFFFFFFFFFFFFFFFFFFFFFFFFFFFFFFFF,:FF,F,FFFFFF:FF:F,FF:F:FFF,::F:F:F,F,FFF,F
